
[Test_FullWorkflow_Create - 1]
arn:custom:sopssync:eu-central-1:123456789012:secret:testsecret
map[string]interface {}{
    "ARN":           "arn:custom:sopssync:eu-central-1:123456789012:secret:testsecret",
    "Name":          "dfb70680d326c245dbdd113d635caa16113e78b1eb8b7447f10eeb861e491724",
    "VersionId":     "c81e6095f906a1b6f50f63cf51b511e59fe2061b8564473a92216ee1844d2cf6",
    "VersionStages": []*string{
        &"dfb70680d326c245dbdd113d635caa16113e78b1eb8b7447f10eeb861e491724",
    },
}
nil
---

[Test_FullWorkflow_Update - 1]
arn:custom:sopssync:eu-central-1:123456789012:secret:testsecret
map[string]interface {}{
    "ARN":           "arn:custom:sopssync:eu-central-1:123456789012:secret:testsecret",
    "Name":          "dfb70680d326c245dbdd113d635caa16113e78b1eb8b7447f10eeb861e491724",
    "VersionId":     "c81e6095f906a1b6f50f63cf51b511e59fe2061b8564473a92216ee1844d2cf6",
    "VersionStages": []*string{
        &"dfb70680d326c245dbdd113d635caa16113e78b1eb8b7447f10eeb861e491724",
    },
}
nil
---

[Test_FullWorkflow_Delete - 1]

map[string]interface {}{}
nil
---
